//quality/compiler_warnings/clang:minimal_warnings
//quality/compiler_warnings/clang:strict_warnings
//quality/compiler_warnings/clang:strict_warnings_no_error
//quality/compiler_warnings/clang:third_party_warnings
//quality/compiler_warnings/gcc:strict_warnings
//quality/compiler_warnings/gcc:strict_warnings_no_error
//quality/compiler_warnings/gcc:third_party_warnings
//quality/compiler_warnings:additional_warnings
//quality/compiler_warnings:default_flags
//quality/compiler_warnings:default_link_flags
//quality/compiler_warnings:treat_warnings_as_errors
//quality/coverage:enable_llvm_coverage_for_death_tests
//score/message_passing/dependability:dependable_element_message_passing
//score/message_passing/dependability:dependable_element_message_passing_doc
//score/message_passing/dependability:dependable_element_message_passing_doc_needs
//score/message_passing/dependability:dependable_element_message_passing_index
//score/message_passing/dependability:dependable_element_message_passing_rst
//score/message_passing:message_passing
//score/message_passing:mock
//score/mw/com/dependability:mw_com
//score/mw/com/dependability:mw_com_doc
//score/mw/com/dependability:mw_com_doc_needs
//score/mw/com/dependability:mw_com_index
//score/mw/com/dependability:mw_com_rst
//score/mw/com/performance_benchmarks/macro_benchmark:logging.json
//score/mw/com/performance_benchmarks/macro_benchmark:lola_benchmarking_client
//score/mw/com/performance_benchmarks/macro_benchmark:lola_benchmarking_service
//score/mw/com/performance_benchmarks/macro_benchmark:mw_com_config.json
//score/mw/com/rust/score_com_cpp_bridge:register_interface
//score/mw/com/rust:score_com
//score/mw/com/rust:score_com_mock
//score/mw/com:com
//score/mw/com:config_schema
//score/mw/com:test_types
//score/mw/service/backend/mw_com:provided_service_builder
//score/mw/service/backend/mw_com:provided_service_decorator
//score/mw/service/backend/mw_com:single_instantiation_strategy
//score/mw/service:factory
//score/mw/service:provided_service
//score/mw/service:provided_service_container
//score/mw/service:proxy_future
//score/mw/service:service
